// Jest Snapshot v1, https://goo.gl/fbAQLP

exports[`Renders Home With data 1`] = `
<DocumentFragment>
  <div
    class="infinite-scroll-component__outerdiv"
  >
    <div
      class="infinite-scroll-component "
      style="height: auto; overflow: auto;"
    >
      <div
        class="sc-dicizt dqBMSh"
      >
        <div
          class="sc-iVCKna kpOsxM"
          data-testid="list"
        >
          <div
            class="sc-gTRrQi fOGjjz"
          >
            <iframe
              allowfullscreen=""
              title="video"
            />
            <div>
              <div
                class="sc-bgqQcB dQaudM"
              >
                test
              </div>
              <div
                class="sc-ewnqHT blGibb"
              >
                Shared by: 
              </div>
              <div
                class="sc-ewnqHT blGibb"
              >
                Desciption:
              </div>
              <div
                class="sc-fFGjHI fGJCSa"
              >
                <span>
                  test
                </span>
                <br />
              </div>
            </div>
          </div>
        </div>
      </div>
      <p>
        No more data to load.
      </p>
    </div>
  </div>
</DocumentFragment>
`;
